ok 1 - manifest-completeness
ok 2 - manifest-schema-fields
ok 3 - version-compatibility
ok 4 - runtime-invocation:examples/eight-domain-foundation.rcl
ok 5 - runtime-result-shape:examples/eight-domain-foundation.rcl
ok 6 - runtime-invocation:examples/foundation-closure.rcl
ok 7 - runtime-result-shape:examples/foundation-closure.rcl
ok 8 - runtime-invocation:examples/cognitive-creation-agent.rcl
ok 9 - runtime-result-shape:examples/cognitive-creation-agent.rcl
ok 10 - runtime-invocation:examples/meta-runtime-foundation.rcl
ok 11 - runtime-result-shape:examples/meta-runtime-foundation.rcl
ok 12 - module-existence
ok 13 - runtime-coverage
ok 14 - behavior-mutation
ok 15 - deterministic-replay
ok 16 - evidence-production
ok 17 - negative-authority
ok 18 - invariant-rejection
ok 19 - root-consistency
ok 20 - native-batch-a-runtime-invocation
ok 21 - native-batch-a-result-shape
ok 22 - native-batch-a-selfhost
ok 23 - native-batch-a-deterministic-replay
ok 24 - native-batch-a-behavior-mutation
ok 25 - native-batch-a-causal-chain
ok 26 - native-batch-a-negative-authority
ok 27 - native-batch-a-invariant-rejection
ok 28 - native-batch-a-evidence-rejection
ok 29 - native-batch-a-provider-degradation
ok 30 - native-batch-a-performance
ok 31 - native-meta-batch-b-runtime-invocation
ok 32 - native-meta-batch-b-result-shape
ok 33 - native-meta-batch-b-selfhost
ok 34 - native-meta-batch-b-deterministic-replay
ok 35 - native-meta-batch-b-behavior-mutation
ok 36 - native-meta-batch-b-causal-chain
ok 37 - native-meta-batch-b-spacetime-semantics
ok 38 - native-meta-batch-b-acceleration-semantics
ok 39 - native-meta-batch-b-compression-semantics
ok 40 - native-meta-batch-b-negative-authority
ok 41 - native-meta-batch-b-invariant-rejection
ok 42 - native-meta-batch-b-evidence-rejection
ok 43 - native-meta-batch-b-provider-degradation
ok 44 - native-meta-batch-b-semantic-rejection
ok 45 - native-meta-batch-b-performance
ok 46 - native-batch-c-runtime-invocation
ok 47 - native-batch-c-result-shape
ok 48 - native-batch-c-selfhost
ok 49 - native-batch-c-deterministic-replay
ok 50 - native-batch-c-behavior-mutation
ok 51 - native-batch-c-causal-chain
ok 52 - native-batch-c-physical-semantics
ok 53 - native-batch-c-embodiment-semantics
ok 54 - native-batch-c-negative-authority
ok 55 - native-batch-c-invariant-rejection
ok 56 - native-batch-c-evidence-rejection
ok 57 - native-batch-c-provider-degradation
ok 58 - native-batch-c-physical-rejection
ok 59 - native-batch-c-embodiment-rejection
ok 60 - native-batch-c-performance
ok 61 - native-boundary-explicit
1..61
# 61 passed, 0 failed
